// Jest Snapshot v1, https://goo.gl/fbAQLP

exports[`Button renders the component 1`] = `
.c0 {
  color: white;
  padding: 40px;
  background: black;
}

.c0[data-focus-visible-added]:not(:disabled),.c0:focus-visible:not(:disabled) {
  background: red;
  box-shadow: green;
}

<div>
  <button
    class="c0"
  />
</div>
`;
